// Jest Snapshot v1, https://goo.gl/fbAQLP

exports[`renders correctly 1`] = `
<a
  href="/"
  onClick={[Function]}
  title="Homepage"
>
  <div
    id="header"
  >
    <img
      alt="logo"
      src="/logo.png"
    />
    <h1>
      Great Circle Map
    </h1>
  </div>
</a>
`;
