// Jest Snapshot v1, https://goo.gl/fbAQLP

exports[`renders correctly with missing icao 1`] = `
<div
  className="sector-element"
>
  <span
    className="airport-code"
  >
    <span>
      AAA
       â‡¾ 
      BBBB
    </span>
  </span>
  <span
    className="distance-number"
  >
    1337 km
  </span>
</div>
`;
